// Jest Snapshot v1, https://goo.gl/fbAQLP

exports[`DefinedRange tests Should render dynamic static label contents correctly 1`] = `
{
  "asFragment": [Function],
  "baseElement": <body>
    <div>
      <div
        class="rdrDefinedRangesWrapper"
      >
        <div
          class="rdrStaticRanges"
        >
          <button
            class="rdrStaticRange"
            type="button"
          >
            <span
              class="rdrStaticRangeLabel"
              tabindex="-1"
            >
              <i
                class="italic-label-content"
              >
                Italic Content
              </i>
            </span>
          </button>
          <button
            class="rdrStaticRange"
            type="button"
          >
            <span
              class="rdrStaticRangeLabel"
              tabindex="-1"
            >
              Static Label
            </span>
          </button>
          <button
            class="rdrStaticRange"
            type="button"
          >
            <span
              class="rdrStaticRangeLabel"
              tabindex="-1"
            >
              <img
                class="random-image"
              />
            </span>
          </button>
          <button
            class="rdrStaticRange"
            type="button"
          >
            <span
              class="rdrStaticRangeLabel"
              tabindex="-1"
            >
              <b
                class="bold-label-content"
              >
                Bold Content
              </b>
            </span>
          </button>
        </div>
        <div
          class="rdrInputRanges"
        >
          <div
            class="rdrInputRange"
          >
            <input
              class="rdrInputRangeInput"
              max="99999"
              min="0"
              placeholder="-"
              value="-"
            />
            <span>
              days up to today
            </span>
          </div>
          <div
            class="rdrInputRange"
          >
            <input
              class="rdrInputRangeInput"
              max="99999"
              min="0"
              placeholder="-"
              value="-"
            />
            <span>
              days starting today
            </span>
          </div>
        </div>
      </div>
    </div>
  </body>,
  "container": <div>
    <div
      class="rdrDefinedRangesWrapper"
    >
      <div
        class="rdrStaticRanges"
      >
        <button
          class="rdrStaticRange"
          type="button"
        >
          <span
            class="rdrStaticRangeLabel"
            tabindex="-1"
          >
            <i
              class="italic-label-content"
            >
              Italic Content
            </i>
          </span>
        </button>
        <button
          class="rdrStaticRange"
          type="button"
        >
          <span
            class="rdrStaticRangeLabel"
            tabindex="-1"
          >
            Static Label
          </span>
        </button>
        <button
          class="rdrStaticRange"
          type="button"
        >
          <span
            class="rdrStaticRangeLabel"
            tabindex="-1"
          >
            <img
              class="random-image"
            />
          </span>
        </button>
        <button
          class="rdrStaticRange"
          type="button"
        >
          <span
            class="rdrStaticRangeLabel"
            tabindex="-1"
          >
            <b
              class="bold-label-content"
            >
              Bold Content
            </b>
          </span>
        </button>
      </div>
      <div
        class="rdrInputRanges"
      >
        <div
          class="rdrInputRange"
        >
          <input
            class="rdrInputRangeInput"
            max="99999"
            min="0"
            placeholder="-"
            value="-"
          />
          <span>
            days up to today
          </span>
        </div>
        <div
          class="rdrInputRange"
        >
          <input
            class="rdrInputRangeInput"
            max="99999"
            min="0"
            placeholder="-"
            value="-"
          />
          <span>
            days starting today
          </span>
        </div>
      </div>
    </div>
  </div>,
  "debug": [Function],
  "findAllByAltText": [Function],
  "findAllByDisplayValue": [Function],
  "findAllByLabelText": [Function],
  "findAllByPlaceholderText": [Function],
  "findAllByRole": [Function],
  "findAllByTestId": [Function],
  "findAllByText": [Function],
  "findAllByTitle": [Function],
  "findByAltText": [Function],
  "findByDisplayValue": [Function],
  "findByLabelText": [Function],
  "findByPlaceholderText": [Function],
  "findByRole": [Function],
  "findByTestId": [Function],
  "findByText": [Function],
  "findByTitle": [Function],
  "getAllByAltText": [Function],
  "getAllByDisplayValue": [Function],
  "getAllByLabelText": [Function],
  "getAllByPlaceholderText": [Function],
  "getAllByRole": [Function],
  "getAllByTestId": [Function],
  "getAllByText": [Function],
  "getAllByTitle": [Function],
  "getByAltText": [Function],
  "getByDisplayValue": [Function],
  "getByLabelText": [Function],
  "getByPlaceholderText": [Function],
  "getByRole": [Function],
  "getByTestId": [Function],
  "getByText": [Function],
  "getByTitle": [Function],
  "queryAllByAltText": [Function],
  "queryAllByDisplayValue": [Function],
  "queryAllByLabelText": [Function],
  "queryAllByPlaceholderText": [Function],
  "queryAllByRole": [Function],
  "queryAllByTestId": [Function],
  "queryAllByText": [Function],
  "queryAllByTitle": [Function],
  "queryByAltText": [Function],
  "queryByDisplayValue": [Function],
  "queryByLabelText": [Function],
  "queryByPlaceholderText": [Function],
  "queryByRole": [Function],
  "queryByTestId": [Function],
  "queryByText": [Function],
  "queryByTitle": [Function],
  "rerender": [Function],
  "unmount": [Function],
}
`;
